

                                                                      Page 1
ispLEVER Classic 1.7.00.05.28.13  -  Device Utilization Chart         Thu Feb 21 15:39:56 2019



--------------------------------------------------------------------------------

Module                   : 'lab6'

--------------------------------------------------------------------------------

Input files:

    ABEL PLA file        : lab6.tt3
    Device library       : P22V10G.dev

Output files:

    Report file          : lab6.rpt
    Programmer load file : lab6.jed

--------------------------------------------------------------------------------


                                                                      Page 2
ispLEVER Classic 1.7.00.05.28.13  -  Device Utilization Chart         Thu Feb 21 15:39:56 2019

P22V10G Programmed Logic:
--------------------------------------------------------------------------------



A     = (  I & R & Ci & K );

B     = (  I & R & !Ci 
         #   I & !R & K 
         #   I & Ci & !K );

Co     = !(  !R & !Ci & !K 
          #   I );

F     = (  !R & !Ci & !K );



                                                                      Page 3
ispLEVER Classic 1.7.00.05.28.13  -  Device Utilization Chart         Thu Feb 21 15:39:57 2019

P22V10G Chip Diagram:
--------------------------------------------------------------------------------




                                   P22V10G

                         +---------\       /---------+
                         |          \     /          |
                         |           -----           |
                       K |  1                    24  | Vcc                     
                         |                           |
                       I |  2                    23  | F                       
                         |                           |
                       R |  3                    22  | B                       
                         |                           |
                      Ci |  4                    21  |                         
                         |                           |
                         |  5                    20  |                         
                         |                           |
                         |  6                    19  |                         
                         |                           |
                         |  7                    18  |                         
                         |                           |
                         |  8                    17  |                         
                         |                           |
                         |  9                    16  |                         
                         |                           |
                         | 10                    15  | A                       
                         |                           |
                         | 11                    14  | !Co                     
                         |                           |
                     GND | 12                    13  |                         
                         |                           |
                         |                           |
                         `---------------------------'

                        SIGNATURE: N/A


                                                                      Page 4
ispLEVER Classic 1.7.00.05.28.13  -  Device Utilization Chart         Thu Feb 21 15:39:57 2019

P22V10G Resource Allocations:
--------------------------------------------------------------------------------



        Device        | Resource  |   Design    |
       Resources      | Available | Requirement | Unused
======================|===========|=============|==============
                      |           |             |
Input Pins:           |           |             |
                      |           |             |
          Input:      |     12    |      4      |    8 ( 66 %)
                      |           |             |
Output Pins:          |           |             |
                      |           |             |
          In/Out:     |     10    |      4      |    6 ( 60 %)
          Output:     |      -    |      -      |    -
                      |           |             |
Buried Nodes:         |           |             |
                      |           |             |
          Input Reg:  |      -    |      -      |    -
          Pin Reg:    |     10    |      0      |   10 (100 %)
          Buried Reg: |      -    |      -      |    -


                                                                      Page 5
ispLEVER Classic 1.7.00.05.28.13  -  Device Utilization Chart         Thu Feb 21 15:39:57 2019

P22V10G Product Terms Distribution:
--------------------------------------------------------------------------------



            Signal                       |    Pin   | Terms | Terms | Terms
             Name                        | Assigned | Used  |  Max  | Unused
=========================================|==========|=======|=======|=======
A                                        |   15     |   1   |  10   |   9
B                                        |   22     |   3   |  10   |   7
Co                                       |   14     |   2   |   8   |   6
F                                        |   23     |   1   |   8   |   7


     ==== List of Inputs/Feedbacks ====

Signal Name                              | Pin      | Pin Type
=========================================|==========|=========
I                                        |    2     | INPUT
R                                        |    3     | INPUT
Ci                                       |    4     | INPUT
K                                        |    1     | CLK/IN


                                                                      Page 6
ispLEVER Classic 1.7.00.05.28.13  -  Device Utilization Chart         Thu Feb 21 15:39:57 2019

P22V10G Unused Resources:
--------------------------------------------------------------------------------



 Pin   |  Pin   |   Product   | Flip-flop
Number |  Type  |   Terms     |   Type
=======|========|=============|==========
    5  |  INPUT |      -      |    -   
    6  |  INPUT |      -      |    -   
    7  |  INPUT |      -      |    -   
    8  |  INPUT |      -      |    -   
    9  |  INPUT |      -      |    -   
   10  |  INPUT |      -      |    -   
   11  |  INPUT |      -      |    -   
   13  |  INPUT |      -      |    -   
   16  |  BIDIR | NORMAL 12   |    D
   17  |  BIDIR | NORMAL 14   |    D
   18  |  BIDIR | NORMAL 16   |    D
   19  |  BIDIR | NORMAL 16   |    D
   20  |  BIDIR | NORMAL 14   |    D
   21  |  BIDIR | NORMAL 12   |    D
